Removed Pin From Net: NetName=SDMMC1_D3 Pin=R41-2
Removed Pin From Net: NetName=SDMMC1_D2 Pin=R42-2
Removed Pin From Net: NetName=SDMMC1_D1 Pin=R43-2
Removed Pin From Net: NetName=SDMMC1_D0 Pin=R44-2
Removed Pin From Net: NetName=SDMMC1_CMD Pin=R45-2
Added Member To Class: ClassName=SDMMC1 Member=Component R41 22O
Added Member To Class: ClassName=SDMMC1 Member=Component R42 22O
Added Member To Class: ClassName=SDMMC1 Member=Component R43 22O
Added Member To Class: ClassName=SDMMC1 Member=Component R44 22O
Added Member To Class: ClassName=SDMMC1 Member=Component R45 22O
Added Member To Class: ClassName=SDMMC1 Member=Component R46 22O
Change Simulation Model (AddParameter): Name = "ComponentLink1Description"; Value = "LCSC"; VariantName = "[No Variations]"
Change Simulation Model (AddParameter): Name = "ComponentLink1URL"; Value = "https://www.lcsc.com/product-detail/C295718.html?s_z=n_q_t_120%2520OHM&spm=wm.fly.bg.5.xh___wm.ssy.tc.1.tz&lcsc_vid=EwRWBFZSQVIPVFdUTlJfVldeFFRYUFQAElRYBFRRE1MxVlNeRFZeU1BfTlBYVzsOAxUeFF5JWBYZEEoKFBINSQcJGk4eFQsCAgIaSgADAwAHC0slRVhcV1ZTT08GEwkK"; VariantName = "[No Variations]"
Change Simulation Model (AddParameter): Name = "ComponentLink1Description"; Value = "LCSC"; VariantName = "[No Variations]"
Change Simulation Model (AddParameter): Name = "ComponentLink1URL"; Value = "https://www.lcsc.com/product-detail/C295718.html?s_z=n_q_t_120%2520OHM&spm=wm.fly.bg.5.xh___wm.ssy.tc.1.tz&lcsc_vid=EwRWBFZSQVIPVFdUTlJfVldeFFRYUFQAElRYBFRRE1MxVlNeRFZeU1BfTlBYVzsOAxUeFF5JWBYZEEoKFBINSQcJGk4eFQsCAgIaSgADAwAHC0slRVhcV1ZTT08GEwkK"; VariantName = "[No Variations]"
Change Simulation Model (AddParameter): Name = "ComponentLink1Description"; Value = "LCSC"; VariantName = "[No Variations]"
Change Simulation Model (AddParameter): Name = "ComponentLink1URL"; Value = "https://www.lcsc.com/product-detail/C295718.html?s_z=n_q_t_120%2520OHM&spm=wm.fly.bg.5.xh___wm.ssy.tc.1.tz&lcsc_vid=EwRWBFZSQVIPVFdUTlJfVldeFFRYUFQAElRYBFRRE1MxVlNeRFZeU1BfTlBYVzsOAxUeFF5JWBYZEEoKFBINSQcJGk4eFQsCAgIaSgADAwAHC0slRVhcV1ZTT08GEwkK"; VariantName = "[No Variations]"
Change Simulation Model (AddParameter): Name = "ComponentLink1Description"; Value = "LCSC"; VariantName = "[No Variations]"
Change Simulation Model (AddParameter): Name = "ComponentLink1URL"; Value = "https://www.lcsc.com/product-detail/C295718.html?s_z=n_q_t_120%2520OHM&spm=wm.fly.bg.5.xh___wm.ssy.tc.1.tz&lcsc_vid=EwRWBFZSQVIPVFdUTlJfVldeFFRYUFQAElRYBFRRE1MxVlNeRFZeU1BfTlBYVzsOAxUeFF5JWBYZEEoKFBINSQcJGk4eFQsCAgIaSgADAwAHC0slRVhcV1ZTT08GEwkK"; VariantName = "[No Variations]"
Change Simulation Model (AddParameter): Name = "ComponentLink1Description"; Value = "LCSC"; VariantName = "[No Variations]"
Change Simulation Model (AddParameter): Name = "ComponentLink1URL"; Value = "https://www.lcsc.com/product-detail/C295718.html?s_z=n_q_t_120%2520OHM&spm=wm.fly.bg.5.xh___wm.ssy.tc.1.tz&lcsc_vid=EwRWBFZSQVIPVFdUTlJfVldeFFRYUFQAElRYBFRRE1MxVlNeRFZeU1BfTlBYVzsOAxUeFF5JWBYZEEoKFBINSQcJGk4eFQsCAgIaSgADAwAHC0slRVhcV1ZTT08GEwkK"; VariantName = "[No Variations]"
